// Jest Snapshot v1, https://goo.gl/fbAQLP

exports[`My Location Test Component renders location component snapshot 1`] = `
<div
  className="location"
>
  <div
    className="location__Container"
  >
    <svg
      fill="currentColor"
      height={70}
      stroke="currentColor"
      strokeWidth="0"
      style={
        Object {
          "color": undefined,
        }
      }
      viewBox="0 0 12 16"
      width={70}
      xmlns="http://www.w3.org/2000/svg"
    >
      <path
        d="M6 0C2.69 0 0 2.5 0 5.5 0 10.02 6 16 6 16s6-5.98 6-10.5C12 2.5 9.31 0 6 0zm0 14.55C4.14 12.52 1 8.44 1 5.5 1 3.02 3.25 1 6 1c1.34 0 2.61.48 3.56 1.36.92.86 1.44 1.97 1.44 3.14 0 2.94-3.14 7.02-5 9.05zM8 5.5c0 1.11-.89 2-2 2-1.11 0-2-.89-2-2 0-1.11.89-2 2-2 1.11 0 2 .89 2 2z"
        fillRule="evenodd"
      />
    </svg>
    <h1
      className="location__Header"
    >
      What is my location?
    </h1>
    <form
      className="location__form"
      onSubmit={[Function]}
    >
      <label>
        Enter your IP
        :
        <input
          autoComplete="off"
          className="formInput"
          name="ip"
          onChange={[Function]}
          type="text"
        />
      </label>
      <button
        className="btn btn-info btn-md"
      >
        Find Location
         
      </button>
    </form>
  </div>
</div>
`;
